../Core/Src/main.c:81:6:HAL_ADC_ErrorCallback	1
../Core/Src/main.c:86:6:HAL_ADC_ConvCpltCallback	1
../Core/Src/main.c:94:6:HAL_ADC_ConvHalfCpltCallback	1
../Core/Src/main.c:99:13:LED_Blink	1
../Core/Src/main.c:115:5:main	1
../Core/Src/main.c:202:6:SystemClock_Config	4
../Core/Src/main.c:262:13:MX_ADC1_Init	5
../Core/Src/main.c:340:13:MX_FDCAN1_Init	2
../Core/Src/main.c:394:13:MX_USART2_UART_Init	5
../Core/Src/main.c:441:13:MX_DMA_Init	1
../Core/Src/main.c:459:13:MX_GPIO_Init	1
../Core/Src/main.c:488:6:FDCAN_Config	2
../Core/Src/main.c:526:6:MPU_Config	1
../Core/Src/main.c:557:6:Error_Handler	1
