../Core/Src/main.c:83:6:HAL_ADC_ErrorCallback	1
../Core/Src/main.c:88:6:HAL_ADC_ConvCpltCallback	1
../Core/Src/main.c:96:6:HAL_ADC_ConvHalfCpltCallback	1
../Core/Src/main.c:101:13:LED_Blink	1
../Core/Src/main.c:117:5:main	2
../Core/Src/main.c:204:6:SystemClock_Config	4
../Core/Src/main.c:264:13:MX_ADC1_Init	6
../Core/Src/main.c:354:13:MX_FDCAN1_Init	2
../Core/Src/main.c:408:13:MX_USART2_UART_Init	5
../Core/Src/main.c:455:13:MX_DMA_Init	1
../Core/Src/main.c:473:13:MX_GPIO_Init	1
../Core/Src/main.c:503:6:FDCAN_Config	2
../Core/Src/main.c:541:6:MPU_Config	1
../Core/Src/main.c:572:6:Error_Handler	1
